// Jest Snapshot v1, https://goo.gl/fbAQLP

exports[`Villager List component renders Fighter List 1`] = `
<DocumentFragment>
  <h1>
    Loading...
  </h1>
</DocumentFragment>
`;
